---
source: src/ui/hud.rs
expression: "core(&app, 100, 30)"
---
                                                                                                    
                                                                                                    
                                      ┏1 beta━━━━━━━━━━━━━━━━┓                                      
                                      ┃▲1                    ┃                                      
                                      ┃30m · title w2:p1     ┃                                      
                                      ┗━━━━━━━━━━━━━━━━━━━━━━┛                                      
                                                  ⡇                                                 
                                                  ⡇                                                 
                                                  ⡇                                                 
                                                  ⡇                                                 
                                                  ⡇                                                 
                                              ⣀ ⠐⠒⠂⠐⠤⡄                                              
                                            ⣀⠈⢁ ⠒⠋ ⠐⢦⡀⠰⡄                                            
                                           ⠠⠃⠰⠋⢀⡴⣒⣒⢦⡀ ⡄ ⡀                                           
                                           ⢰ ⣄ ⢸⢸⡁⢈⡇⡇ ⠹ ⠇                                           
                                         ⣀⡠⠌ ⠘ ⠈⠳⠭⠭⠞⠁⣠⠆⢠⠢⢄⣀                                         
                                   ⣀⡠⠤⠒⠊⠉   ⠘⠆⠈⠳⠄ ⣠⠤ ⢁⡀⠉   ⠉⠑⠒⠤⢄⣀                                   
                            ⢀⣀⠤⠤⠒⠊⠉           ⠘⠒⠄ ⠤⠄ ⠉           ⠉⠑⠒⠤⠤⣀⡀                            
       ╭3 gamma───────────────╮                                      ╭2 alpha───────────────╮       
       │no agents             │               2 active               │●1                    │       
       │— ·                   │                                      │10m · title w1:p1     │       
       ╰──────────────────────╯                                      ╰──────────────────────╯       
                                                                                                    
                                                                                                    
                                                                                                    
                                                                                                    
                                                                                                    
                                                                                                    
                                                                                                    
 ▸ no events yet
